+ export AWS_ACCESS_KEY_ID=AKIA9AGMPCPB0VDPI5WA
+ AWS_ACCESS_KEY_ID=AKIA9AGMPCPB0VDPI5WA
+ export AWS_SECRET_ACCESS_KEY=Wu/pLbphsT+Q4luqb4eCNgE9QWe9DfpNQlzoWsOm
+ AWS_SECRET_ACCESS_KEY=Wu/pLbphsT+Q4luqb4eCNgE9QWe9DfpNQlzoWsOm
+ export AWS_DEFAULT_REGION=us-east-1
+ AWS_DEFAULT_REGION=us-east-1
+ KUBECONFIG_PATH=./generated/kubeconfig
+ aws --endpoint-url http://localhost:4566 eks update-kubeconfig --name lakehouse-aws --alias lakehouse-aws --kubeconfig ./generated/kubeconfig
Added new context lakehouse-aws to /home/satya/lab/iceberg-table-health/terraform/providers/aws/generated/kubeconfig
+ cp ./get-token-wrapper.sh ./generated/get-token-wrapper.sh
+ chmod +x ./generated/get-token-wrapper.sh
++ cd ./generated
++ pwd
+ WRAPPER_ABS_PATH=/home/satya/lab/iceberg-table-health/terraform/providers/aws/generated/get-token-wrapper.sh
+ kubectl config view --kubeconfig ./generated/kubeconfig --raw -o json
+ jq --arg wrapper /home/satya/lab/iceberg-table-health/terraform/providers/aws/generated/get-token-wrapper.sh --arg cluster_name lakehouse-aws --arg endpoint http://localhost:4566 --arg akid AKIA9AGMPCPB0VDPI5WA --arg secret Wu/pLbphsT+Q4luqb4eCNgE9QWe9DfpNQlzoWsOm --arg region us-east-1 '.clusters[0].cluster["insecure-skip-tls-verify"] = true
       | del(.clusters[0].cluster["certificate-authority-data"])
       | .users[0].user = {
           exec: {
             apiVersion: "client.authentication.k8s.io/v1beta1",
             command: $wrapper,
             args: [$cluster_name],
             env: [
               {name: "AWS_ENDPOINT_URL", value: $endpoint},
               {name: "AWS_ACCESS_KEY_ID", value: $akid},
               {name: "AWS_SECRET_ACCESS_KEY", value: $secret},
               {name: "AWS_REGION", value: $region},
               {name: "AWS_DEFAULT_REGION", value: $region}
             ]
           }
         }'
+ mv ./generated/kubeconfig.tmp ./generated/kubeconfig
+ echo 'DEBUG WRAPPER_ABS_PATH=[/home/satya/lab/iceberg-table-health/terraform/providers/aws/generated/get-token-wrapper.sh]'
DEBUG WRAPPER_ABS_PATH=[/home/satya/lab/iceberg-table-health/terraform/providers/aws/generated/get-token-wrapper.sh]
+ echo 'DEBUG exec.command immediately after write:'
DEBUG exec.command immediately after write:
+ kubectl config view --kubeconfig ./generated/kubeconfig --raw -o 'jsonpath={.users[0].user.exec.command}'
/home/satya/lab/iceberg-table-health/terraform/providers/aws/generated/get-token-wrapper.sh+ echo ''

